This is pdfTeX, Version 3.141592653-2.6-1.40.29 (TeX Live 2026) (preloaded format=pdflatex 2026.8.9)  25 SEP 2026 22:48
entering extended mode
 restricted \write18 enabled.
 %&-line parsing enabled.
**build/watermarked_pdfs/096.tex
(./build/watermarked_pdfs/096.tex
LaTeX2e <2026-06-01>
L3 programming layer <2026-07-20>
(/usr/local/texlive/2024/texmf-dist/tex/latex/base/book.cls
Document Class: book 2025/01/22 v1.4n Standard LaTeX document class
(/usr/local/texlive/2024/texmf-dist/tex/latex/base/bk11.clo
File: bk11.clo 2025/01/22 v1.4n Standard LaTeX file (size option)
)
\c@part=\count276
\c@chapter=\count277
\c@section=\count278
\c@subsection=\count279
\c@subsubsection=\count280
\c@paragraph=\count281
\c@subparagraph=\count282
\c@figure=\count283
\c@table=\count284
\abovecaptionskip=\skip49
\belowcaptionskip=\skip50
\bibindent=\dimen150
)
(/usr/local/texlive/2024/texmf-dist/tex/latex/fancyhdr/fancyhdr.sty
Package: fancyhdr 2025/02/07 v5.2 Extensive control of page headers and footers

\f@nch@headwidth=\skip51
\f@nch@offset@elh=\skip52
\f@nch@offset@erh=\skip53
\f@nch@offset@olh=\skip54
\f@nch@offset@orh=\skip55
\f@nch@offset@elf=\skip56
\f@nch@offset@erf=\skip57
\f@nch@offset@olf=\skip58
\f@nch@offset@orf=\skip59
\f@nch@height=\skip60
\f@nch@footalignment=\skip61
\f@nch@widthL=\skip62
\f@nch@widthC=\skip63
\f@nch@widthR=\skip64
\@temptokenb=\toks17
)
(/usr/local/texlive/2024/texmf-dist/tex/latex/geometry/geometry.sty
Package: geometry 2026/03/07 v6.0 Page Geometry

(/usr/local/texlive/2024/texmf-dist/tex/latex/graphics/keyval.sty
Package: keyval 2026-05-17 v1.15 key=value parser (DPC)
\KV@toks@=\toks18
)
(/usr/local/texlive/2024/texmf-dist/tex/generic/iftex/ifvtex.sty
Package: ifvtex 2019/10/25 v1.7 ifvtex legacy package. Use iftex instead.

(/usr/local/texlive/2024/texmf-dist/tex/generic/iftex/iftex.sty
Package: iftex 2024/12/12 v1.0g TeX engine tests
))
\Gm@cnth=\count285
\Gm@cntv=\count286
\c@Gm@tempcnt=\count287
\Gm@bindingoffset=\dimen151
\Gm@wd@mp=\dimen152
\Gm@odd@mp=\dimen153
\Gm@even@mp=\dimen154
\Gm@layoutwidth=\dimen155
\Gm@layoutheight=\dimen156
\Gm@layouthoffset=\dimen157
\Gm@layoutvoffset=\dimen158
\Gm@dimlist=\toks19
)
(/usr/local/texlive/2024/texmf-dist/tex/latex/base/inputenc.sty
Package: inputenc 2024/02/08 v1.3d Input encoding file
\inpenc@prehook=\toks20
\inpenc@posthook=\toks21
)
(/usr/local/texlive/2024/texmf-dist/tex/latex/pdfpages/pdfpages.sty
Package: pdfpages 2026/03/30 v0.6h Insert pages of external PDF documents (AM)

(/usr/local/texlive/2024/texmf-dist/tex/latex/base/ifthen.sty
Package: ifthen 2024/03/16 v1.1e Standard LaTeX ifthen package (DPC)
)
(/usr/local/texlive/2024/texmf-dist/tex/latex/tools/calc.sty
Package: calc 2025/03/01 v4.3b Infix arithmetic (KKT,FJ)
\calc@Acount=\count288
\calc@Bcount=\count289
\calc@Adimen=\dimen159
\calc@Bdimen=\dimen160
\calc@Askip=\skip65
\calc@Bskip=\skip66
LaTeX Info: Redefining \setlength on input line 86.
LaTeX Info: Redefining \addtolength on input line 87.
\calc@Ccount=\count290
\calc@Cskip=\skip67
)
(/usr/local/texlive/2024/texmf-dist/tex/latex/eso-pic/eso-pic.sty
Package: eso-pic 2026/05/31 v3.0e eso-pic (RN)
\ESO@tempdima=\dimen161
\ESO@tempdimb=\dimen162

(/usr/local/texlive/2024/texmf-dist/tex/latex/xcolor/xcolor.sty
Package: xcolor 2024/09/29 v3.02 LaTeX color extensions (UK)

(/usr/local/texlive/2024/texmf-dist/tex/latex/graphics-cfg/color.cfg
File: color.cfg 2016/01/02 v1.6 sample color configuration
)
Package xcolor Info: Driver file: pdftex.def on input line 274.

(/usr/local/texlive/2024/texmf-dist/tex/latex/graphics-def/pdftex.def
File: pdftex.def 2025/09/29 v1.2d Graphics/color driver for pdftex
)
(/usr/local/texlive/2024/texmf-dist/tex/latex/graphics/mathcolor.ltx)
Package xcolor Info: Model `cmy' substituted by `cmy0' on input line 1349.
Package xcolor Info: Model `hsb' substituted by `rgb' on input line 1353.
Package xcolor Info: Model `RGB' extended on input line 1365.
Package xcolor Info: Model `HTML' substituted by `rgb' on input line 1367.
Package xcolor Info: Model `Hsb' substituted by `hsb' on input line 1368.
Package xcolor Info: Model `tHsb' substituted by `hsb' on input line 1369.
Package xcolor Info: Model `HSB' substituted by `hsb' on input line 1370.
Package xcolor Info: Model `Gray' substituted by `gray' on input line 1371.
Package xcolor Info: Model `wave' substituted by `hsb' on input line 1372.
))
(/usr/local/texlive/2024/texmf-dist/tex/latex/etoolbox/etoolbox.sty
Package: etoolbox 2025/10/02 v2.5m e-TeX tools for LaTeX (JAW)
\etb@tempcnta=\count291
)
(/usr/local/texlive/2024/texmf-dist/tex/latex/graphics/graphicx.sty
Package: graphicx 2026-05-17 v1.2e Enhanced LaTeX Graphics (DPC,SPQR)

(/usr/local/texlive/2024/texmf-dist/tex/latex/graphics/graphics.sty
Package: graphics 2026-05-17 v1.4h Standard LaTeX Graphics (DPC,SPQR)

(/usr/local/texlive/2024/texmf-dist/tex/latex/graphics/trig.sty
Package: trig 2023/12/02 v1.11 sin cos tan (DPC)
)
(/usr/local/texlive/2024/texmf-dist/tex/latex/graphics-cfg/graphics.cfg
File: graphics.cfg 2016/06/04 v1.11 sample graphics configuration
)
Package graphics Info: Driver file: pdftex.def on input line 106.
)
\Gin@req@height=\dimen163
\Gin@req@width=\dimen164
)
\AM@pagewidth=\dimen165
\AM@pageheight=\dimen166
\AM@fboxrule=\dimen167

(/usr/local/texlive/2024/texmf-dist/tex/latex/pdfpages/pppdftex.def
File: pppdftex.def 2026/03/30 v0.6h Pdfpages driver for pdfTeX (AM)
)
\pdfpages@includegraphics@status=\count292
\AM@pagebox=\box53
\AM@global@opts=\toks22
\AM@pagecnt=\count293
\AM@toc@title=\toks23
\AM@lof@heading=\toks24
\c@AM@survey=\count294
\AM@templatesizebox=\box54
)
(/usr/local/texlive/2024/texmf-dist/tex/latex/psnfss/times.sty
Package: times 2020/03/25 PSNFSS-v9.3 (SPQR) 
)
(/usr/local/texlive/2024/texmf-dist/tex/latex/pax/pax.sty
Package: pax 2020/04/06 v0.2 Annotation support for PDF graphics (HO)

(/usr/local/texlive/2024/texmf-dist/tex/generic/iftex/ifpdf.sty
Package: ifpdf 2019/10/25 v3.4 ifpdf legacy package. Use iftex instead.
)
(/usr/local/texlive/2024/texmf-dist/tex/generic/ltxcmds/ltxcmds.sty
Package: ltxcmds 2023-12-04 v1.26 LaTeX kernel commands for general use (HO)
)
(/usr/local/texlive/2024/texmf-dist/tex/latex/kvsetkeys/kvsetkeys.sty
Package: kvsetkeys 2022-10-05 v1.19 Key value parser (HO)
)
(/usr/local/texlive/2024/texmf-dist/tex/latex/kvoptions/kvoptions.sty
Package: kvoptions 2022-06-15 v3.15 Key value format for package options (HO)
)
(/usr/local/texlive/2024/texmf-dist/tex/latex/auxhook/auxhook.sty
Package: auxhook 2019-12-17 v1.6 Hooks for auxiliary files (HO)
)
(/usr/local/texlive/2024/texmf-dist/tex/generic/etexcmds/etexcmds.sty
Package: etexcmds 2019/12/15 v1.7 Avoid name clashes with e-TeX commands (HO)

(/usr/local/texlive/2024/texmf-dist/tex/generic/infwarerr/infwarerr.sty
Package: infwarerr 2019/12/03 v1.5 Providing info/warning/error messages (HO)
)))
(/usr/local/texlive/2024/texmf-dist/tex/latex/hyperref/hyperref.sty
Package: hyperref 2026-06-17 v7.01r Hypertext links for LaTeX

(/usr/local/texlive/2024/texmf-dist/tex/generic/kvdefinekeys/kvdefinekeys.sty
Package: kvdefinekeys 2019-12-19 v1.6 Define keys (HO)
)
(/usr/local/texlive/2024/texmf-dist/tex/generic/pdfescape/pdfescape.sty
Package: pdfescape 2019/12/09 v1.15 Implements pdfTeX's escape features (HO)

(/usr/local/texlive/2024/texmf-dist/tex/generic/pdftexcmds/pdftexcmds.sty
Package: pdftexcmds 2020-06-27 v0.33 Utility functions of pdfTeX for LuaTeX (HO
)
Package pdftexcmds Info: \pdf@primitive is available.
Package pdftexcmds Info: \pdf@ifprimitive is available.
Package pdftexcmds Info: \pdfdraftmode found.
))
(/usr/local/texlive/2024/texmf-dist/tex/latex/hycolor/hycolor.sty
Package: hycolor 2020-01-27 v1.10 Color options for hyperref/bookmark (HO)
)
(/usr/local/texlive/2024/texmf-dist/tex/latex/hyperref/nameref.sty
Package: nameref 2026-01-29 v2.58 Cross-referencing by name of section

(/usr/local/texlive/2024/texmf-dist/tex/latex/refcount/refcount.sty
Package: refcount 2019/12/15 v3.6 Data extraction from label references (HO)
)
(/usr/local/texlive/2024/texmf-dist/tex/generic/gettitlestring/gettitlestring.s
ty
Package: gettitlestring 2019/12/15 v1.6 Cleanup title references (HO)
)
\c@section@level=\count295
) (/usr/local/texlive/2024/texmf-dist/tex/generic/stringenc/stringenc.sty
Package: stringenc 2019/11/29 v1.12 Convert strings between diff. encodings (HO
)
)
\@linkdim=\dimen168
\Hy@linkcounter=\count296
\Hy@pagecounter=\count297

(/usr/local/texlive/2024/texmf-dist/tex/latex/hyperref/pd1enc.def
File: pd1enc.def 2026-06-17 v7.01r Hyperref: PDFDocEncoding definition (HO)
Now handling font encoding PD1 ...
... no UTF-8 mapping file for font encoding PD1
)
(/usr/local/texlive/2024/texmf-dist/tex/generic/intcalc/intcalc.sty
Package: intcalc 2019/12/15 v1.3 Expandable calculations with integers (HO)
)
\Hy@SavedSpaceFactor=\count298

(/usr/local/texlive/2024/texmf-dist/tex/latex/hyperref/puenc.def
File: puenc.def 2026-06-17 v7.01r Hyperref: PDF Unicode definition (HO)
Now handling font encoding PU ...
... no UTF-8 mapping file for font encoding PU
)
Package hyperref Info: Hyper figures OFF on input line 4199.
Package hyperref Info: Link nesting OFF on input line 4204.
Package hyperref Info: Hyper index ON on input line 4207.
Package hyperref Info: Plain pages OFF on input line 4214.
Package hyperref Info: Backreferencing OFF on input line 4219.
Package hyperref Info: Implicit mode ON; LaTeX internals redefined.
Package hyperref Info: Bookmarks ON on input line 4466.
\c@Hy@tempcnt=\count299

(/usr/local/texlive/2024/texmf-dist/tex/latex/url/url.sty
\Urlmuskip=\muskip17
Package: url 2013/09/16  ver 3.4  Verb mode for urls, etc.
)
LaTeX Info: Redefining \url on input line 4805.
\XeTeXLinkMargin=\dimen169

(/usr/local/texlive/2024/texmf-dist/tex/generic/bitset/bitset.sty
Package: bitset 2019/12/09 v1.3 Handle bit-vector datatype (HO)

(/usr/local/texlive/2024/texmf-dist/tex/generic/bigintcalc/bigintcalc.sty
Package: bigintcalc 2019/12/15 v1.5 Expandable calculations on big integers (HO
)
))
\Fld@menulength=\count300
\Field@Width=\dimen170
\Fld@charsize=\dimen171
Package hyperref Info: Hyper figures OFF on input line 6091.
Package hyperref Info: Link nesting OFF on input line 6096.
Package hyperref Info: Hyper index ON on input line 6099.
Package hyperref Info: backreferencing OFF on input line 6106.
Package hyperref Info: Link coloring OFF on input line 6111.
Package hyperref Info: Link coloring with OCG OFF on input line 6116.
Package hyperref Info: PDF/A mode OFF on input line 6121.
\Hy@abspage=\count301
\c@Item=\count302
\c@Hfootnote=\count303
)
Package hyperref Info: Driver (autodetected): hpdftex.

(/usr/local/texlive/2024/texmf-dist/tex/latex/hyperref/hpdftex.def
File: hpdftex.def 2026-06-17 v7.01r Hyperref driver for pdfTeX
\Fld@listcount=\count304
\c@bookmark@seq@number=\count305

(/usr/local/texlive/2024/texmf-dist/tex/latex/rerunfilecheck/rerunfilecheck.sty
Package: rerunfilecheck 2025-06-21 v1.11 Rerun checks for auxiliary files (HO)

(/usr/local/texlive/2024/texmf-dist/tex/generic/uniquecounter/uniquecounter.sty
Package: uniquecounter 2019/12/15 v1.4 Provide unlimited unique counter (HO)
)
Package uniquecounter Info: New unique counter `rerunfilecheck' on input line 2
84.
)
\Hy@SectionHShift=\skip68
) (/usr/local/texlive/2024/texmf-dist/tex/latex/graphics/lscape.sty
Package: lscape 2020/05/28 v3.02 Landscape Pages (DPC)
)
Package hyperref Info: Option `colorlinks' set `true' on input line 15.
\titlebox=\skip69
LaTeX Font Info:    Trying to load font information for OT1+ptm on input line 3
2.

(/usr/local/texlive/2024/texmf-dist/tex/latex/psnfss/ot1ptm.fd
File: ot1ptm.fd 2001/06/04 font definitions for OT1/ptm.
)
(/usr/local/texlive/2024/texmf-dist/tex/latex/l3backend/l3backend-pdftex.def
File: l3backend-pdftex.def 2026-07-20 L3 backend support: PDF output (pdfTeX)
\l__color_backend_stack_int=\count306
)
(build/watermarked_pdfs/096.aux)
\openout1 = `096.aux'.

LaTeX Font Info:    Checking defaults for OML/cmm/m/it on input line 32.
LaTeX Font Info:    ... okay on input line 32.
LaTeX Font Info:    Checking defaults for OMS/cmsy/m/n on input line 32.
LaTeX Font Info:    ... okay on input line 32.
LaTeX Font Info:    Checking defaults for OT1/cmr/m/n on input line 32.
LaTeX Font Info:    ... okay on input line 32.
LaTeX Font Info:    Checking defaults for T1/cmr/m/n on input line 32.
LaTeX Font Info:    ... okay on input line 32.
LaTeX Font Info:    Checking defaults for TS1/cmr/m/n on input line 32.
LaTeX Font Info:    ... okay on input line 32.
LaTeX Font Info:    Checking defaults for OMX/cmex/m/n on input line 32.
LaTeX Font Info:    ... okay on input line 32.
LaTeX Font Info:    Checking defaults for U/cmr/m/n on input line 32.
LaTeX Font Info:    ... okay on input line 32.
LaTeX Font Info:    Checking defaults for PD1/pdf/m/n on input line 32.
LaTeX Font Info:    ... okay on input line 32.
LaTeX Font Info:    Checking defaults for PU/pdf/m/n on input line 32.
LaTeX Font Info:    ... okay on input line 32.

*geometry* driver: auto-detecting
*geometry* detected driver: pdftex
*geometry* verbose mode - [ preamble ] result:
* driver: pdftex
* paper: a4paper
* layout: <same size as paper>
* layoutoffset:(h,v)=(0.0pt,0.0pt)
* modes: 
* h-part:(L,W,R)=(56.9055pt, 483.69687pt, 56.9055pt)
* v-part:(T,H,B)=(56.9055pt, 702.78308pt, 85.35826pt)
* \paperwidth=597.50787pt
* \paperheight=845.04675pt
* \textwidth=455.24408pt
* \textheight=702.78297pt
* \oddsidemargin=0.0pt
* \evensidemargin=-15.36449pt
* \topmargin=-14.22636pt
* \headheight=5.0pt
* \headsep=0.0pt
* \topskip=11.0pt
* \footskip=28.45274pt
* \marginparwidth=49.79231pt
* \marginparsep=7.0pt
* \columnsep=17.07182pt
* \skip\footins=10.0pt plus 4.0pt minus 2.0pt
* \hoffset=0.0pt
* \voffset=0.0pt
* \mag=1000
* \@twocolumnfalse
* \@twosidefalse
* \@mparswitchfalse
* \@reversemarginfalse
* (1in=72.27pt=25.4mm, 1cm=28.453pt)

(/usr/local/texlive/2024/texmf-dist/tex/context/base/mkii/supp-pdf.mkii
[Loading MPS to PDF converter (version 2006.09.02).]
\scratchcounter=\count307
\scratchdimen=\dimen172
\scratchbox=\box55
\nofMPsegments=\count308
\nofMParguments=\count309
\everyMPshowfont=\toks25
\MPscratchCnt=\count310
\MPscratchDim=\dimen173
\MPnumerator=\count311
\makeMPintoPDFobject=\count312
\everyMPtoPDFconversion=\toks26
) (/usr/local/texlive/2024/texmf-dist/tex/latex/epstopdf-pkg/epstopdf-base.sty
Package: epstopdf-base 2020-01-24 v2.11 Base part for package epstopdf
Package epstopdf-base Info: Redefining graphics rule for `.eps' on input line 4
85.

(/usr/local/texlive/2024/texmf-dist/tex/latex/latexconfig/epstopdf-sys.cfg
File: epstopdf-sys.cfg 2010/07/13 v1.3 Configuration of (r)epstopdf for TeX Liv
e
))
(/usr/local/texlive/2024/texmf-dist/tex/latex/pdflscape/pdflscape.sty
Package: pdflscape 2025-06-23 v0.14 Display of landscape pages in PDF

(/usr/local/texlive/2024/texmf-dist/tex/latex/pdflscape/pdflscape-nometadata.st
y
Package: pdflscape-nometadata 2025-06-23 v0.14 Display of landscape pages in PD
F (HO)
Package pdflscape Info: Auto-detected driver: pdftex on input line 81.
))
Package hyperref Info: Link coloring ON on input line 32.
 (build/watermarked_pdfs/096.out) (build/watermarked_pdfs/096.out)
\@outlinefile=\write3
\openout3 = `096.out'.



pdfTeX warning: pdflatex (file ../ArabicNLP/ArabicNLP2026-SharedTasks/papers/09
6.pdf): PDF inclusion: found PDF version <1.7>, but at most version <1.5> allow
ed
<../ArabicNLP/ArabicNLP2026-SharedTasks/papers/096.pdf, id=4, 597.51233pt x 845
.0471pt>
File: ../ArabicNLP/ArabicNLP2026-SharedTasks/papers/096.pdf Graphic file (type 
pdf)
<use ../ArabicNLP/ArabicNLP2026-SharedTasks/papers/096.pdf>
Package pdftex.def Info: ../ArabicNLP/ArabicNLP2026-SharedTasks/papers/096.pdf 
 used on input line 45.
(pdftex.def)             Requested size: 597.51086pt x 845.04504pt.
(../ArabicNLP/ArabicNLP2026-SharedTasks/papers/096.pax)

pdfTeX warning: pdflatex (file ../ArabicNLP/ArabicNLP2026-SharedTasks/papers/09
6.pdf): PDF inclusion: found PDF version <1.7>, but at most version <1.5> allow
ed


pdfTeX warning: pdflatex (file ../ArabicNLP/ArabicNLP2026-SharedTasks/papers/09
6.pdf): PDF inclusion: found PDF version <1.7>, but at most version <1.5> allow
ed
<../ArabicNLP/ArabicNLP2026-SharedTasks/papers/096.pdf, id=14, page=1, 597.5123
3pt x 845.0471pt>
File: ../ArabicNLP/ArabicNLP2026-SharedTasks/papers/096.pdf Graphic file (type 
pdf)
<use ../ArabicNLP/ArabicNLP2026-SharedTasks/papers/096.pdf, page 1>
Package pdftex.def Info: ../ArabicNLP/ArabicNLP2026-SharedTasks/papers/096.pdf 
, page1 used on input line 45.
(pdftex.def)             Requested size: 597.51086pt x 845.04504pt.
(../ArabicNLP/ArabicNLP2026-SharedTasks/papers/096.pax)
File: ../ArabicNLP/ArabicNLP2026-SharedTasks/papers/096.pdf Graphic file (type 
pdf)
<use ../ArabicNLP/ArabicNLP2026-SharedTasks/papers/096.pdf, page 1>
Package pdftex.def Info: ../ArabicNLP/ArabicNLP2026-SharedTasks/papers/096.pdf 
, page1 used on input line 45.
(pdftex.def)             Requested size: 597.53821pt x 845.08372pt.

(../ArabicNLP/ArabicNLP2026-SharedTasks/papers/096.pax)
File: ../ArabicNLP/ArabicNLP2026-SharedTasks/papers/096.pdf Graphic file (type 
pdf)
<use ../ArabicNLP/ArabicNLP2026-SharedTasks/papers/096.pdf, page 1>
Package pdftex.def Info: ../ArabicNLP/ArabicNLP2026-SharedTasks/papers/096.pdf 
, page1 used on input line 45.
(pdftex.def)             Requested size: 597.53821pt x 845.08372pt.

(../ArabicNLP/ArabicNLP2026-SharedTasks/papers/096.pax)
File: ../ArabicNLP/ArabicNLP2026-SharedTasks/papers/096.pdf Graphic file (type 
pdf)
<use ../ArabicNLP/ArabicNLP2026-SharedTasks/papers/096.pdf, page 1>
Package pdftex.def Info: ../ArabicNLP/ArabicNLP2026-SharedTasks/papers/096.pdf 
, page1 used on input line 45.
(pdftex.def)             Requested size: 597.53821pt x 845.08372pt.

(../ArabicNLP/ArabicNLP2026-SharedTasks/papers/096.pax)
LaTeX Font Info:    Trying to load font information for TS1+ptm on input line 4
5.

(/usr/local/texlive/2024/texmf-dist/tex/latex/psnfss/ts1ptm.fd
File: ts1ptm.fd 2001/06/04 font definitions for TS1/ptm.
)
File: ../ArabicNLP/ArabicNLP2026-SharedTasks/papers/096.pdf Graphic file (type 
pdf)
<use ../ArabicNLP/ArabicNLP2026-SharedTasks/papers/096.pdf, page 1>
Package pdftex.def Info: ../ArabicNLP/ArabicNLP2026-SharedTasks/papers/096.pdf 
, page1 used on input line 45.
(pdftex.def)             Requested size: 597.53821pt x 845.08372pt.

(../ArabicNLP/ArabicNLP2026-SharedTasks/papers/096.pax) [1050{/usr/local/texliv
e/2024/texmf-var/fonts/map/pdftex/updmap/pdftex.map}{/usr/local/texlive/2024/te
xmf-dist/fonts/enc/dvips/base/8r.enc}


Non-PDF special ignored!
<special> papersize=21cm, 29.7cm

 <../ArabicNLP/ArabicNLP2026-SharedTasks/papers/096.pdf>]

pdfTeX warning: pdflatex (file ../ArabicNLP/ArabicNLP2026-SharedTasks/papers/09
6.pdf): PDF inclusion: found PDF version <1.7>, but at most version <1.5> allow
ed
<../ArabicNLP/ArabicNLP2026-SharedTasks/papers/096.pdf, id=98, page=2, 597.5123
3pt x 845.0471pt>
File: ../ArabicNLP/ArabicNLP2026-SharedTasks/papers/096.pdf Graphic file (type 
pdf)
<use ../ArabicNLP/ArabicNLP2026-SharedTasks/papers/096.pdf, page 2>
Package pdftex.def Info: ../ArabicNLP/ArabicNLP2026-SharedTasks/papers/096.pdf 
, page2 used on input line 45.
(pdftex.def)             Requested size: 597.53821pt x 845.08372pt.
(../ArabicNLP/ArabicNLP2026-SharedTasks/papers/096.pax)
File: ../ArabicNLP/ArabicNLP2026-SharedTasks/papers/096.pdf Graphic file (type 
pdf)
<use ../ArabicNLP/ArabicNLP2026-SharedTasks/papers/096.pdf, page 2>
Package pdftex.def Info: ../ArabicNLP/ArabicNLP2026-SharedTasks/papers/096.pdf 
, page2 used on input line 45.
(pdftex.def)             Requested size: 597.53821pt x 845.08372pt.

(../ArabicNLP/ArabicNLP2026-SharedTasks/papers/096.pax)
File: ../ArabicNLP/ArabicNLP2026-SharedTasks/papers/096.pdf Graphic file (type 
pdf)
<use ../ArabicNLP/ArabicNLP2026-SharedTasks/papers/096.pdf, page 2>
Package pdftex.def Info: ../ArabicNLP/ArabicNLP2026-SharedTasks/papers/096.pdf 
, page2 used on input line 45.
(pdftex.def)             Requested size: 597.53821pt x 845.08372pt.

(../ArabicNLP/ArabicNLP2026-SharedTasks/papers/096.pax) [1051

 <../ArabicNLP/ArabicNLP2026-SharedTasks/papers/096.pdf>]

pdfTeX warning: pdflatex (file ../ArabicNLP/ArabicNLP2026-SharedTasks/papers/09
6.pdf): PDF inclusion: found PDF version <1.7>, but at most version <1.5> allow
ed
<../ArabicNLP/ArabicNLP2026-SharedTasks/papers/096.pdf, id=165, page=3, 597.512
33pt x 845.0471pt>
File: ../ArabicNLP/ArabicNLP2026-SharedTasks/papers/096.pdf Graphic file (type 
pdf)
<use ../ArabicNLP/ArabicNLP2026-SharedTasks/papers/096.pdf, page 3>
Package pdftex.def Info: ../ArabicNLP/ArabicNLP2026-SharedTasks/papers/096.pdf 
, page3 used on input line 45.
(pdftex.def)             Requested size: 597.53821pt x 845.08372pt.
(../ArabicNLP/ArabicNLP2026-SharedTasks/papers/096.pax)
File: ../ArabicNLP/ArabicNLP2026-SharedTasks/papers/096.pdf Graphic file (type 
pdf)
<use ../ArabicNLP/ArabicNLP2026-SharedTasks/papers/096.pdf, page 3>
Package pdftex.def Info: ../ArabicNLP/ArabicNLP2026-SharedTasks/papers/096.pdf 
, page3 used on input line 45.
(pdftex.def)             Requested size: 597.53821pt x 845.08372pt.

(../ArabicNLP/ArabicNLP2026-SharedTasks/papers/096.pax)
File: ../ArabicNLP/ArabicNLP2026-SharedTasks/papers/096.pdf Graphic file (type 
pdf)
<use ../ArabicNLP/ArabicNLP2026-SharedTasks/papers/096.pdf, page 3>
Package pdftex.def Info: ../ArabicNLP/ArabicNLP2026-SharedTasks/papers/096.pdf 
, page3 used on input line 45.
(pdftex.def)             Requested size: 597.53821pt x 845.08372pt.

(../ArabicNLP/ArabicNLP2026-SharedTasks/papers/096.pax) [1052

 <../ArabicNLP/ArabicNLP2026-SharedTasks/papers/096.pdf>]

pdfTeX warning: pdflatex (file ../ArabicNLP/ArabicNLP2026-SharedTasks/papers/09
6.pdf): PDF inclusion: found PDF version <1.7>, but at most version <1.5> allow
ed
<../ArabicNLP/ArabicNLP2026-SharedTasks/papers/096.pdf, id=182, page=4, 597.512
33pt x 845.0471pt>
File: ../ArabicNLP/ArabicNLP2026-SharedTasks/papers/096.pdf Graphic file (type 
pdf)
<use ../ArabicNLP/ArabicNLP2026-SharedTasks/papers/096.pdf, page 4>
Package pdftex.def Info: ../ArabicNLP/ArabicNLP2026-SharedTasks/papers/096.pdf 
, page4 used on input line 45.
(pdftex.def)             Requested size: 597.53821pt x 845.08372pt.
(../ArabicNLP/ArabicNLP2026-SharedTasks/papers/096.pax)
File: ../ArabicNLP/ArabicNLP2026-SharedTasks/papers/096.pdf Graphic file (type 
pdf)
<use ../ArabicNLP/ArabicNLP2026-SharedTasks/papers/096.pdf, page 4>
Package pdftex.def Info: ../ArabicNLP/ArabicNLP2026-SharedTasks/papers/096.pdf 
, page4 used on input line 45.
(pdftex.def)             Requested size: 597.53821pt x 845.08372pt.

(../ArabicNLP/ArabicNLP2026-SharedTasks/papers/096.pax)
File: ../ArabicNLP/ArabicNLP2026-SharedTasks/papers/096.pdf Graphic file (type 
pdf)
<use ../ArabicNLP/ArabicNLP2026-SharedTasks/papers/096.pdf, page 4>
Package pdftex.def Info: ../ArabicNLP/ArabicNLP2026-SharedTasks/papers/096.pdf 
, page4 used on input line 45.
(pdftex.def)             Requested size: 597.53821pt x 845.08372pt.

(../ArabicNLP/ArabicNLP2026-SharedTasks/papers/096.pax) [1053

 <../ArabicNLP/ArabicNLP2026-SharedTasks/papers/096.pdf>]

pdfTeX warning: pdflatex (file ../ArabicNLP/ArabicNLP2026-SharedTasks/papers/09
6.pdf): PDF inclusion: found PDF version <1.7>, but at most version <1.5> allow
ed
<../ArabicNLP/ArabicNLP2026-SharedTasks/papers/096.pdf, id=194, page=5, 597.512
33pt x 845.0471pt>
File: ../ArabicNLP/ArabicNLP2026-SharedTasks/papers/096.pdf Graphic file (type 
pdf)
<use ../ArabicNLP/ArabicNLP2026-SharedTasks/papers/096.pdf, page 5>
Package pdftex.def Info: ../ArabicNLP/ArabicNLP2026-SharedTasks/papers/096.pdf 
, page5 used on input line 45.
(pdftex.def)             Requested size: 597.53821pt x 845.08372pt.
(../ArabicNLP/ArabicNLP2026-SharedTasks/papers/096.pax)
File: ../ArabicNLP/ArabicNLP2026-SharedTasks/papers/096.pdf Graphic file (type 
pdf)
<use ../ArabicNLP/ArabicNLP2026-SharedTasks/papers/096.pdf, page 5>
Package pdftex.def Info: ../ArabicNLP/ArabicNLP2026-SharedTasks/papers/096.pdf 
, page5 used on input line 45.
(pdftex.def)             Requested size: 597.53821pt x 845.08372pt.

(../ArabicNLP/ArabicNLP2026-SharedTasks/papers/096.pax)
File: ../ArabicNLP/ArabicNLP2026-SharedTasks/papers/096.pdf Graphic file (type 
pdf)
<use ../ArabicNLP/ArabicNLP2026-SharedTasks/papers/096.pdf, page 5>
Package pdftex.def Info: ../ArabicNLP/ArabicNLP2026-SharedTasks/papers/096.pdf 
, page5 used on input line 45.
(pdftex.def)             Requested size: 597.53821pt x 845.08372pt.

(../ArabicNLP/ArabicNLP2026-SharedTasks/papers/096.pax) [1054

 <../ArabicNLP/ArabicNLP2026-SharedTasks/papers/096.pdf>] (build/watermarked_pd
fs/096.aux)
 ***********
LaTeX2e <2026-06-01>
L3 programming layer <2026-07-20>
 ***********
Package rerunfilecheck Info: File `096.out' has not changed.
(rerunfilecheck)             Checksum: D41D8CD98F00B204E9800998ECF8427E;0.
 ) 
Here is how much of TeX's memory you used:
 11062 strings out of 467159
 180866 string characters out of 5409219
 606702 words of memory out of 5000000
 40139 multiletter control sequences out of 15000+600000
 633189 words of font info for 48 fonts, out of 8000000 for 9000
 1141 hyphenation exceptions out of 8191
 72i,18n,90p,278b,593s stack positions out of 10000i,1000n,20000p,200000b,200000s
</usr/local/texlive/2024/texmf-dist/fonts/type1/public/inconsolata/Inconsolat
a-zi4r.pfb></usr/local/texlive/2024/texmf-dist/fonts/type1/public/amsfonts/cm/c
mmi10.pfb></usr/local/texlive/2024/texmf-dist/fonts/type1/public/amsfonts/cm/cm
r10.pfb></usr/local/texlive/2024/texmf-dist/fonts/type1/public/amsfonts/cm/cmr8
.pfb></usr/local/texlive/2024/texmf-dist/fonts/type1/public/amsfonts/cm/cmsy10.
pfb></usr/local/texlive/2024/texmf-dist/fonts/type1/public/amsfonts/cm/cmsy8.pf
b></usr/local/texlive/2024/texmf-dist/fonts/type1/urw/times/utmr8a.pfb></usr/lo
cal/texlive/2024/texmf-dist/fonts/type1/urw/times/utmri8a.pfb>
Output written on build/watermarked_pdfs/096.pdf (5 pages, 202551 bytes).
PDF statistics:
 245 PDF objects out of 1000 (max. 8388607)
 125 compressed objects within 2 object streams
 25 named destinations out of 1000 (max. 500000)
 36 words of extra memory for PDF output out of 10000 (max. 10000000)

